[     340ms] [INFO] %cDownload the React DevTools for a better development experience: https://react.dev/link/react-devtools font-weight:bold @ http://localhost:3000/_next/static/chunks/1wmt_next_dist_0orijmo._.js:2477
[     368ms] [LOG] [HMR] connected @ http://localhost:3000/_next/static/chunks/1wmt_next_dist_0orijmo._.js:2477
[  956332ms] [LOG] [Fast Refresh] rebuilding @ http://localhost:3000/_next/static/chunks/1wmt_next_dist_0orijmo._.js:2477
[  956406ms] [LOG] [Fast Refresh] done in 134ms @ http://localhost:3000/_next/static/chunks/1wmt_next_dist_0orijmo._.js:2477
[  956521ms] [LOG] [Fast Refresh] rebuilding @ http://localhost:3000/_next/static/chunks/1wmt_next_dist_0orijmo._.js:2477
[  956554ms] [LOG] [Fast Refresh] done in 134ms @ http://localhost:3000/_next/static/chunks/1wmt_next_dist_0orijmo._.js:2477
[  959003ms] [LOG] [Fast Refresh] rebuilding @ http://localhost:3000/_next/static/chunks/1wmt_next_dist_0orijmo._.js:2477
[  959027ms] [LOG] [Fast Refresh] done in 127ms @ http://localhost:3000/_next/static/chunks/1wmt_next_dist_0orijmo._.js:2477
[  972842ms] [LOG] [Fast Refresh] rebuilding @ http://localhost:3000/_next/static/chunks/1wmt_next_dist_0orijmo._.js:2477
[  972901ms] [LOG] [Fast Refresh] done in 111ms @ http://localhost:3000/_next/static/chunks/1wmt_next_dist_0orijmo._.js:2477
[  973118ms] [LOG] [Fast Refresh] rebuilding @ http://localhost:3000/_next/static/chunks/1wmt_next_dist_0orijmo._.js:2477
[  973179ms] [LOG] [Fast Refresh] done in 163ms @ http://localhost:3000/_next/static/chunks/1wmt_next_dist_0orijmo._.js:2477
[ 1148397ms] [LOG] [Fast Refresh] rebuilding @ http://localhost:3000/_next/static/chunks/1wmt_next_dist_0orijmo._.js:2477
[ 1148627ms] [LOG] [Fast Refresh] done in 240ms @ http://localhost:3000/_next/static/chunks/1wmt_next_dist_0orijmo._.js:2477
[ 1152969ms] [LOG] [Fast Refresh] rebuilding @ http://localhost:3000/_next/static/chunks/1wmt_next_dist_0orijmo._.js:2477
[ 1153046ms] [LOG] [Fast Refresh] done in 76ms @ http://localhost:3000/_next/static/chunks/1wmt_next_dist_0orijmo._.js:2477
[ 1276134ms] [LOG] [Fast Refresh] rebuilding @ http://localhost:3000/_next/static/chunks/1wmt_next_dist_0orijmo._.js:2477
[ 1276177ms] [LOG] [Fast Refresh] done in 56ms @ http://localhost:3000/_next/static/chunks/1wmt_next_dist_0orijmo._.js:2477
[ 1280885ms] [LOG] [Fast Refresh] rebuilding @ http://localhost:3000/_next/static/chunks/1wmt_next_dist_0orijmo._.js:2477
[ 1280954ms] [LOG] [Fast Refresh] done in 25ms @ http://localhost:3000/_next/static/chunks/1wmt_next_dist_0orijmo._.js:2477
[ 1285212ms] [LOG] [Fast Refresh] rebuilding @ http://localhost:3000/_next/static/chunks/1wmt_next_dist_0orijmo._.js:2477
[ 1285322ms] [LOG] [Fast Refresh] done in 21ms @ http://localhost:3000/_next/static/chunks/1wmt_next_dist_0orijmo._.js:2477
[ 1371454ms] [LOG] [Fast Refresh] rebuilding @ http://localhost:3000/_next/static/chunks/1wmt_next_dist_0orijmo._.js:2477
[ 1371480ms] [LOG] [Fast Refresh] done in 55ms @ http://localhost:3000/_next/static/chunks/1wmt_next_dist_0orijmo._.js:2477
[ 1859612ms] [LOG] [Fast Refresh] rebuilding @ http://localhost:3000/_next/static/chunks/1wmt_next_dist_0orijmo._.js:2477
[ 1859716ms] [LOG] [Fast Refresh] done in 84ms @ http://localhost:3000/_next/static/chunks/1wmt_next_dist_0orijmo._.js:2477
[ 1941235ms] [LOG] [Fast Refresh] rebuilding @ http://localhost:3000/_next/static/chunks/1wmt_next_dist_0orijmo._.js:2477
[ 1941260ms] [LOG] [Fast Refresh] done in 72ms @ http://localhost:3000/_next/static/chunks/1wmt_next_dist_0orijmo._.js:2477
[ 1981890ms] [LOG] [Fast Refresh] rebuilding @ http://localhost:3000/_next/static/chunks/1wmt_next_dist_0orijmo._.js:2477
[ 1981919ms] [LOG] [Fast Refresh] done in 36ms @ http://localhost:3000/_next/static/chunks/1wmt_next_dist_0orijmo._.js:2477
[ 2019060ms] [LOG] [Fast Refresh] rebuilding @ http://localhost:3000/_next/static/chunks/1wmt_next_dist_0orijmo._.js:2477
[ 2019087ms] [LOG] [Fast Refresh] done in 34ms @ http://localhost:3000/_next/static/chunks/1wmt_next_dist_0orijmo._.js:2477
[ 2042153ms] [LOG] [Fast Refresh] rebuilding @ http://localhost:3000/_next/static/chunks/1wmt_next_dist_0orijmo._.js:2477
[ 2042185ms] [LOG] [Fast Refresh] done in 29ms @ http://localhost:3000/_next/static/chunks/1wmt_next_dist_0orijmo._.js:2477
[ 2048815ms] [LOG] [Fast Refresh] rebuilding @ http://localhost:3000/_next/static/chunks/1wmt_next_dist_0orijmo._.js:2477
[ 2048817ms] [LOG] [Fast Refresh] done in 103ms @ http://localhost:3000/_next/static/chunks/1wmt_next_dist_0orijmo._.js:2477
[ 2072626ms] [LOG] [Fast Refresh] rebuilding @ http://localhost:3000/_next/static/chunks/1wmt_next_dist_0orijmo._.js:2477
[ 2072659ms] [LOG] [Fast Refresh] done in 45ms @ http://localhost:3000/_next/static/chunks/1wmt_next_dist_0orijmo._.js:2477
[ 2104071ms] [LOG] [Fast Refresh] rebuilding @ http://localhost:3000/_next/static/chunks/1wmt_next_dist_0orijmo._.js:2477
[ 2104104ms] [LOG] [Fast Refresh] done in 107ms @ http://localhost:3000/_next/static/chunks/1wmt_next_dist_0orijmo._.js:2477
[ 2176243ms] [LOG] [Fast Refresh] rebuilding @ http://localhost:3000/_next/static/chunks/1wmt_next_dist_0orijmo._.js:2477
[ 2176472ms] [ERROR] ./app/(staff)/admin/staff-row.tsx:60:25
Expected '</', got 'no substitution template literal'
  58 | ...
  59 | ...
> 60 | ...x] border-black bg-[var(--color-accent)] px-2 py-0.5 text-[10px] font-bold uppercase tracking-widest...
     |    ^^^^^^^^^^^^^^^^^^^^^^^^^^^^^^^^^^^^^^^^^^^^^^^^^^^^^^^^^^^^^^^^^^^^^^^^^^^^^^^^^^^^^^^^^^^^^^^^^^^^^^^
  61 | ...
  62 | ..."}
  63 | ...

Parsing ecmascript source code failed

Import trace:
  Server Component:
    ./app/(staff)/admin/staff-row.tsx
    ./app/(staff)/admin/staff/page.tsx @ http://localhost:3000/_next/static/chunks/1wmt_next_dist_0orijmo._.js:3318
[ 2176702ms] [LOG] [Fast Refresh] rebuilding @ http://localhost:3000/_next/static/chunks/1wmt_next_dist_0orijmo._.js:2477
[ 2176824ms] [ERROR] ./app/(staff)/admin/staff-row.tsx:60:25
Expected '</', got 'no substitution template literal'
  58 | ...
  59 | ...
> 60 | ...x] border-black bg-[var(--color-accent)] px-2 py-0.5 text-[10px] font-bold uppercase tracking-widest...
     |    ^^^^^^^^^^^^^^^^^^^^^^^^^^^^^^^^^^^^^^^^^^^^^^^^^^^^^^^^^^^^^^^^^^^^^^^^^^^^^^^^^^^^^^^^^^^^^^^^^^^^^^^
  61 | ...
  62 | ..."}
  63 | ...

Parsing ecmascript source code failed

Import trace:
  Server Component:
    ./app/(staff)/admin/staff-row.tsx
    ./app/(staff)/admin/staff/page.tsx @ http://localhost:3000/_next/static/chunks/1wmt_next_dist_0orijmo._.js:3318
[ 2176879ms] [ERROR] ./app/(staff)/admin/staff-row.tsx:60:25
Expected '</', got 'no substitution template literal'
  58 | ...
  59 | ...
> 60 | ...x] border-black bg-[var(--color-accent)] px-2 py-0.5 text-[10px] font-bold uppercase tracking-widest...
     |    ^^^^^^^^^^^^^^^^^^^^^^^^^^^^^^^^^^^^^^^^^^^^^^^^^^^^^^^^^^^^^^^^^^^^^^^^^^^^^^^^^^^^^^^^^^^^^^^^^^^^^^^
  61 | ...
  62 | ..."}
  63 | ...

Parsing ecmascript source code failed

Import trace:
  Server Component:
    ./app/(staff)/admin/staff-row.tsx
    ./app/(staff)/admin/staff/page.tsx @ http://localhost:3000/_next/static/chunks/1wmt_next_dist_0orijmo._.js:3318
[ 2176981ms] [LOG] [Fast Refresh] rebuilding @ http://localhost:3000/_next/static/chunks/1wmt_next_dist_0orijmo._.js:2477
[ 2177223ms] [ERROR] ./app/(staff)/admin/staff-row.tsx:60:25
Expected '</', got 'no substitution template literal'
  58 | ...
  59 | ...
> 60 | ...x] border-black bg-[var(--color-accent)] px-2 py-0.5 text-[10px] font-bold uppercase tracking-widest...
     |    ^^^^^^^^^^^^^^^^^^^^^^^^^^^^^^^^^^^^^^^^^^^^^^^^^^^^^^^^^^^^^^^^^^^^^^^^^^^^^^^^^^^^^^^^^^^^^^^^^^^^^^^
  61 | ...
  62 | ..."}
  63 | ...

Parsing ecmascript source code failed

Import trace:
  Server Component:
    ./app/(staff)/admin/staff-row.tsx
    ./app/(staff)/admin/staff/page.tsx @ http://localhost:3000/_next/static/chunks/1wmt_next_dist_0orijmo._.js:3318
[ 2177225ms] [ERROR] Failed to load resource: the server responded with a status of 500 (Internal Server Error) @ http://localhost:3000/api/card:0
[ 2177225ms] [ERROR] Failed to load resource: the server responded with a status of 500 (Internal Server Error) @ http://localhost:3000/card?_rsc=3Te_RYC42wZV-TvW:0
[ 2177266ms] [ERROR] Failed to load resource: the server responded with a status of 500 (Internal Server Error) @ http://localhost:3000/card?_rsc=3Te_RYC42wZV-TvW:0
[ 2177340ms] [LOG] [Fast Refresh] rebuilding @ http://localhost:3000/_next/static/chunks/1wmt_next_dist_0orijmo._.js:2477
[ 2177341ms] [ERROR] ./app/(staff)/admin/staff-row.tsx:60:25
Expected '</', got 'no substitution template literal'
  58 | ...
  59 | ...
> 60 | ...x] border-black bg-[var(--color-accent)] px-2 py-0.5 text-[10px] font-bold uppercase tracking-widest...
     |    ^^^^^^^^^^^^^^^^^^^^^^^^^^^^^^^^^^^^^^^^^^^^^^^^^^^^^^^^^^^^^^^^^^^^^^^^^^^^^^^^^^^^^^^^^^^^^^^^^^^^^^^
  61 | ...
  62 | ..."}
  63 | ...

Parsing ecmascript source code failed

Import trace:
  Server Component:
    ./app/(staff)/admin/staff-row.tsx
    ./app/(staff)/admin/staff/page.tsx @ http://localhost:3000/_next/static/chunks/1wmt_next_dist_0orijmo._.js:3318
[ 2177342ms] [ERROR] Failed to load resource: the server responded with a status of 500 (Internal Server Error) @ http://localhost:3000/card?_rsc=3Te_RYC42wZV-TvW:0
[ 2177459ms] [ERROR] Failed to load resource: the server responded with a status of 500 (Internal Server Error) @ http://localhost:3000/card:0
[ 2177572ms] [INFO] %cDownload the React DevTools for a better development experience: https://react.dev/link/react-devtools font-weight:bold @ http://localhost:3000/_next/static/chunks/162a_react-dom_1hsf_h5._.js:15305
[ 2177631ms] Error: ./app/(staff)/admin/staff-row.tsx:60:25
Expected '</', got 'no substitution template literal'
  58 | ...
  59 | ...
> 60 | ...x] border-black bg-[var(--color-accent)] px-2 py-0.5 text-[10px] font-bold uppercase tracking-widest...
     |    ^^^^^^^^^^^^^^^^^^^^^^^^^^^^^^^^^^^^^^^^^^^^^^^^^^^^^^^^^^^^^^^^^^^^^^^^^^^^^^^^^^^^^^^^^^^^^^^^^^^^^^^
  61 | ...
  62 | ..."}
  63 | ...

Parsing ecmascript source code failed

Import trace:
  Server Component:
    ./app/(staff)/admin/staff-row.tsx
    ./app/(staff)/admin/staff/page.tsx


    at <unknown> (Error: ./app/(staff)/admin/staff-row.tsx:60:25)
    at Object.getCompilationErrors (file:///Users/itsmeyaw/projects/digital-stamp-rally/node_modules/.pnpm/next@16.2.7_@babel+core@7.29.7_react-dom@19.2.4_react@19.2.4__react@19.2.4/node_modules/next/dist/server/dev/hot-reloader-turbopack.js:1186:59)
    at DevBundlerService.getCompilationError (file:///Users/itsmeyaw/projects/digital-stamp-rally/node_modules/.pnpm/next@16.2.7_@babel+core@7.29.7_react-dom@19.2.4_react@19.2.4__react@19.2.4/node_modules/next/dist/server/lib/dev-bundler-service.js:44:55)
    at DevServer.getCompilationError (file:///Users/itsmeyaw/projects/digital-stamp-rally/node_modules/.pnpm/next@16.2.7_@babel+core@7.29.7_react-dom@19.2.4_react@19.2.4__react@19.2.4/node_modules/next/dist/server/dev/next-dev-server.js:720:42)
    at DevServer.findPageComponents (file:///Users/itsmeyaw/projects/digital-stamp-rally/node_modules/.pnpm/next@16.2.7_@babel+core@7.29.7_react-dom@19.2.4_react@19.2.4__react@19.2.4/node_modules/next/dist/server/dev/next-dev-server.js:690:43)
    at async DevServer.renderErrorToResponseImpl (file:///Users/itsmeyaw/projects/digital-stamp-rally/node_modules/.pnpm/next@16.2.7_@babel+core@7.29.7_react-dom@19.2.4_react@19.2.4__react@19.2.4/node_modules/next/dist/server/base-server.js:1753:26)
[ 2177625ms] [LOG] [HMR] connected @ http://localhost:3000/_next/static/chunks/1wmt_next_dist_0bhfl4h._.js:1226
[ 2177653ms] [ERROR] ./app/(staff)/admin/staff-row.tsx:60:25
Expected '</', got 'no substitution template literal'
  58 | ...
  59 | ...
> 60 | ...x] border-black bg-[var(--color-accent)] px-2 py-0.5 text-[10px] font-bold uppercase tracking-widest...
     |    ^^^^^^^^^^^^^^^^^^^^^^^^^^^^^^^^^^^^^^^^^^^^^^^^^^^^^^^^^^^^^^^^^^^^^^^^^^^^^^^^^^^^^^^^^^^^^^^^^^^^^^^
  61 | ...
  62 | ..."}
  63 | ...

Parsing ecmascript source code failed

Import trace:
  Server Component:
    ./app/(staff)/admin/staff-row.tsx
    ./app/(staff)/admin/staff/page.tsx @ http://localhost:3000/_next/static/chunks/1wmt_next_dist_0bhfl4h._.js:1945
[ 2177663ms] [ERROR] ./app/(staff)/admin/staff-row.tsx:60:25
Expected '</', got 'no substitution template literal'
  58 | ...
  59 | ...
> 60 | ...x] border-black bg-[var(--color-accent)] px-2 py-0.5 text-[10px] font-bold uppercase tracking-widest...
     |    ^^^^^^^^^^^^^^^^^^^^^^^^^^^^^^^^^^^^^^^^^^^^^^^^^^^^^^^^^^^^^^^^^^^^^^^^^^^^^^^^^^^^^^^^^^^^^^^^^^^^^^^
  61 | ...
  62 | ..."}
  63 | ...

Parsing ecmascript source code failed

Import trace:
  Server Component:
    ./app/(staff)/admin/staff-row.tsx
    ./app/(staff)/admin/staff/page.tsx @ http://localhost:3000/_next/static/chunks/1wmt_next_dist_0bhfl4h._.js:1945
[ 2177683ms] [ERROR] ./app/(staff)/admin/staff-row.tsx:60:25
Expected '</', got 'no substitution template literal'
  58 | ...
  59 | ...
> 60 | ...x] border-black bg-[var(--color-accent)] px-2 py-0.5 text-[10px] font-bold uppercase tracking-widest...
     |    ^^^^^^^^^^^^^^^^^^^^^^^^^^^^^^^^^^^^^^^^^^^^^^^^^^^^^^^^^^^^^^^^^^^^^^^^^^^^^^^^^^^^^^^^^^^^^^^^^^^^^^^
  61 | ...
  62 | ..."}
  63 | ...

Parsing ecmascript source code failed

Import trace:
  Server Component:
    ./app/(staff)/admin/staff-row.tsx
    ./app/(staff)/admin/staff/page.tsx @ http://localhost:3000/_next/static/chunks/1wmt_next_dist_0bhfl4h._.js:1945
[ 2177727ms] [ERROR] ./app/(staff)/admin/staff-row.tsx:60:25
Expected '</', got 'no substitution template literal'
  58 | ...
  59 | ...
> 60 | ...x] border-black bg-[var(--color-accent)] px-2 py-0.5 text-[10px] font-bold uppercase tracking-widest...
     |    ^^^^^^^^^^^^^^^^^^^^^^^^^^^^^^^^^^^^^^^^^^^^^^^^^^^^^^^^^^^^^^^^^^^^^^^^^^^^^^^^^^^^^^^^^^^^^^^^^^^^^^^
  61 | ...
  62 | ..."}
  63 | ...

Parsing ecmascript source code failed

Import trace:
  Server Component:
    ./app/(staff)/admin/staff-row.tsx
    ./app/(staff)/admin/staff/page.tsx @ http://localhost:3000/_next/static/chunks/1wmt_next_dist_0bhfl4h._.js:1945
[ 2177786ms] [LOG] [Fast Refresh] rebuilding @ http://localhost:3000/_next/static/chunks/1wmt_next_dist_0bhfl4h._.js:1226
[ 2197571ms] [LOG] [Fast Refresh] rebuilding @ http://localhost:3000/_next/static/chunks/1wmt_next_dist_0bhfl4h._.js:1226
[ 2197869ms] [LOG] [Fast Refresh] done in 176ms @ http://localhost:3000/_next/static/chunks/1wmt_next_dist_0bhfl4h._.js:1226
[ 2198357ms] [INFO] %cDownload the React DevTools for a better development experience: https://react.dev/link/react-devtools font-weight:bold @ http://localhost:3000/_next/static/chunks/1wmt_next_dist_0orijmo._.js:2477
[ 2198370ms] [LOG] [HMR] connected @ http://localhost:3000/_next/static/chunks/1wmt_next_dist_0orijmo._.js:2477
[ 2255592ms] [LOG] [Fast Refresh] rebuilding @ http://localhost:3000/_next/static/chunks/1wmt_next_dist_0orijmo._.js:2477
[ 2255618ms] [LOG] [Fast Refresh] done in 49ms @ http://localhost:3000/_next/static/chunks/1wmt_next_dist_0orijmo._.js:2477
[ 2257561ms] [LOG] [Fast Refresh] rebuilding @ http://localhost:3000/_next/static/chunks/1wmt_next_dist_0orijmo._.js:2477
[ 2257590ms] [LOG] [Fast Refresh] done in 22ms @ http://localhost:3000/_next/static/chunks/1wmt_next_dist_0orijmo._.js:2477
[ 2291132ms] [LOG] [Fast Refresh] rebuilding @ http://localhost:3000/_next/static/chunks/1wmt_next_dist_0orijmo._.js:2477
[ 2291161ms] [LOG] [Fast Refresh] done in 38ms @ http://localhost:3000/_next/static/chunks/1wmt_next_dist_0orijmo._.js:2477
[ 2351919ms] [LOG] [Fast Refresh] rebuilding @ http://localhost:3000/_next/static/chunks/1wmt_next_dist_0orijmo._.js:2477
[ 2351995ms] [LOG] [Fast Refresh] done in 178ms @ http://localhost:3000/_next/static/chunks/1wmt_next_dist_0orijmo._.js:2477
[ 2376259ms] [LOG] [Fast Refresh] rebuilding @ http://localhost:3000/_next/static/chunks/1wmt_next_dist_0orijmo._.js:2477
[ 2376285ms] [LOG] [Fast Refresh] done in 76ms @ http://localhost:3000/_next/static/chunks/1wmt_next_dist_0orijmo._.js:2477
[ 2401482ms] [LOG] [Fast Refresh] rebuilding @ http://localhost:3000/_next/static/chunks/1wmt_next_dist_0orijmo._.js:2477
[ 2401510ms] [LOG] [Fast Refresh] done in 36ms @ http://localhost:3000/_next/static/chunks/1wmt_next_dist_0orijmo._.js:2477
[ 2416376ms] [LOG] [Fast Refresh] rebuilding @ http://localhost:3000/_next/static/chunks/1wmt_next_dist_0orijmo._.js:2477
[ 2416402ms] [LOG] [Fast Refresh] done in 63ms @ http://localhost:3000/_next/static/chunks/1wmt_next_dist_0orijmo._.js:2477
